>>Sequence Length Distribution	pass
#Length	Count
100	4183.0
