>>Sequence Duplication Levels	pass
#Total Duplicate Percentage	0.09562514941429597
#Duplication Level	Relative count
1	100.0
2	0.04785833931562575
3	0.0
4	0.0
5	0.0
6	0.0
7	0.0
8	0.0
9	0.0
10++	0.0
>>END_MODULE

