>>Kmer Content	warn
Position	TTTT	AAAA	CCCC	GGGG	ACGT	CTTG
1	13	15	16	17	13	8
2	18	19	14	898	18	98
3	18	10	16	18	11	54
4	5	75	57	9	5	98
5	4	5	576	17	9	65
6	2	53	76	9	8	7
7	657	87	7	0	90	3
8	3	546	7	6	8	8
9	3	6	7	98	34	657
10	28	8	98	4	634	80

