>>Per sequence quality scores	pass
#Quality	Count
2	58
3	14
4	101
5	4039
6	7439
7	11430
8	25312
9	179886
10	5958

