>>Basic Statistics	pass
#Measure	Value
Filename	../../../../../../src/sandbox/group2/apps/seqc/material/s_6_1_small.fastq
File type	Conventional base calls
Sequence length	100

GC Content	50.1817%
N Content	1.02797%
Total Sequences	4183
Score Range	 Sanger Scoring System [35:74]
