>>Kmer Content	warn
#Sequence	1	2	3	4	5
TTTTT	13	15	16	17	13
AAAAA	18	19	14	17	18
CGCCA	18	10	16	18	11

