>>Kmer Content	warn
#Position	TTTT	AAAA	CCCC	GGGG	ACGT
1	13	15	16	17	13
2	18	19	14	17	18
3	18	10	16	18	11

